Component: ARM Compiler 5.06 update 6 (build 750) Tool: armlink [4d35ed]

==============================================================================

Section Cross References

    startup_cms_m0.o(STACK) refers (Special) to heapauxi.o(.text) for __use_two_region_memory
    startup_cms_m0.o(HEAP) refers (Special) to heapauxi.o(.text) for __use_two_region_memory
    startup_cms_m0.o(RESET) refers (Special) to heapauxi.o(.text) for __use_two_region_memory
    startup_cms_m0.o(RESET) refers to startup_cms_m0.o(STACK) for __initial_sp
    startup_cms_m0.o(RESET) refers to startup_cms_m0.o(.text) for Reset_Handler
    startup_cms_m0.o(RESET) refers to isr.o(i.NMI_Handler) for NMI_Handler
    startup_cms_m0.o(RESET) refers to isr.o(i.HardFault_Handler) for HardFault_Handler
    startup_cms_m0.o(RESET) refers to isr.o(i.SVC_Handler) for SVC_Handler
    startup_cms_m0.o(RESET) refers to isr.o(i.PendSV_Handler) for PendSV_Handler
    startup_cms_m0.o(RESET) refers to isr.o(i.SysTick_Handler) for SysTick_Handler
    startup_cms_m0.o(RESET) refers to isr.o(i.GPIO0_IRQHandler) for GPIO0_IRQHandler
    startup_cms_m0.o(RESET) refers to isr.o(i.GPIO1_IRQHandler) for GPIO1_IRQHandler
    startup_cms_m0.o(RESET) refers to isr.o(i.GPIO2_IRQHandler) for GPIO2_IRQHandler
    startup_cms_m0.o(RESET) refers to isr.o(i.GPIO3_IRQHandler) for GPIO3_IRQHandler
    startup_cms_m0.o(RESET) refers to isr.o(i.GPIO4_IRQHandler) for GPIO4_IRQHandler
    startup_cms_m0.o(RESET) refers to isr.o(i.CCP_IRQHandler) for CCP_IRQHandler
    startup_cms_m0.o(RESET) refers to isr.o(i.ADC0_IRQHandler) for ADC0_IRQHandler
    startup_cms_m0.o(RESET) refers to isr.o(i.WWDT_IRQHandler) for WWDT_IRQHandler
    startup_cms_m0.o(RESET) refers to isr.o(i.EPWM_IRQHandler) for EPWM_IRQHandler
    startup_cms_m0.o(RESET) refers to isr.o(i.ADC1_IRQHandler) for ADC1_IRQHandler
    startup_cms_m0.o(RESET) refers to isr.o(i.ACMP_IRQHandler) for ACMP_IRQHandler
    startup_cms_m0.o(RESET) refers to isr.o(i.UART0_IRQHandler) for UART0_IRQHandler
    startup_cms_m0.o(RESET) refers to isr.o(i.UART1_IRQHandler) for UART1_IRQHandler
    startup_cms_m0.o(RESET) refers to isr.o(i.TMR0_IRQHandler) for TMR0_IRQHandler
    startup_cms_m0.o(RESET) refers to isr.o(i.TMR1_IRQHandler) for TMR1_IRQHandler
    startup_cms_m0.o(RESET) refers to isr.o(i.WDT_IRQHandler) for WDT_IRQHandler
    startup_cms_m0.o(RESET) refers to isr.o(i.I2C_IRQHandler) for I2C_IRQHandler
    startup_cms_m0.o(RESET) refers to isr.o(i.SPI_IRQHandler) for SPI_IRQHandler
    startup_cms_m0.o(RESET) refers to isr.o(i.LVD_IRQHandler) for LVD_IRQHandler
    startup_cms_m0.o(.text) refers (Special) to heapauxi.o(.text) for __use_two_region_memory
    startup_cms_m0.o(.text) refers to system_cms_m0.o(i.SystemInit) for SystemInit
    startup_cms_m0.o(.text) refers to __main.o(!!!main) for __main
    startup_cms_m0.o(.text) refers to startup_cms_m0.o(HEAP) for Heap_Mem
    startup_cms_m0.o(.text) refers to startup_cms_m0.o(STACK) for Stack_Mem
    system_cms_m0.o(i.SystemCoreClockUpdate) refers to aeabi_sdiv.o(.text) for __aeabi_uidivmod
    system_cms_m0.o(i.SystemCoreClockUpdate) refers to system_cms_m0.o(.data) for HSIClock
    system.o(i.SYS_ConfigAHBClock) refers to system.o(i.SYS_GetHSIState) for SYS_GetHSIState
    system.o(i.SYS_ConfigAHBClock) refers to system_cms_m0.o(i.SystemCoreClockUpdate) for SystemCoreClockUpdate
    system.o(i.SYS_ConfigAPBClock) refers to system_cms_m0.o(i.SystemCoreClockUpdate) for SystemCoreClockUpdate
    uart.o(i.UART_ConfigRunMode) refers to aeabi_sdiv.o(.text) for __aeabi_uidivmod
    uart.o(i.UART_ConfigRunMode) refers to system_cms_m0.o(.data) for SystemAPBClock
    main.o(i.main) refers to system.o(i.SYS_ConfigHSI) for SYS_ConfigHSI
    main.o(i.main) refers to system.o(i.SYS_EnableHSI) for SYS_EnableHSI
    main.o(i.main) refers to system.o(i.SYS_ConfigAHBClock) for SYS_ConfigAHBClock
    main.o(i.main) refers to system.o(i.SYS_ConfigAPBClock) for SYS_ConfigAPBClock
    main.o(i.main) refers to demo_uart.o(i.UART_UART1_Config) for UART_UART1_Config
    main.o(i.main) refers to demo_timer.o(i.TMR1_Period_Count_Config) for TMR1_Period_Count_Config
    main.o(i.main) refers to smg.o(i.LED_IO_INIT) for LED_IO_INIT
    main.o(i.main) refers to ad_key.o(i.Key_Init_IO) for Key_Init_IO
    main.o(i.main) refers to tx1812_5050.o(i.TX1812_5050_Init) for TX1812_5050_Init
    main.o(i.main) refers to cxn4016.o(i.CXN4016_INIT) for CXN4016_INIT
    main.o(i.main) refers to noretval__2printf.o(.text) for __2printf
    main.o(i.main) refers to ad_key.o(i.AD_GetKey) for AD_GetKey
    main.o(i.main) refers to smg.o(i.SMG_Show_AA) for SMG_Show_AA
    main.o(i.main) refers to smg.o(i.SMG_AA_ALL_OFF) for SMG_AA_ALL_OFF
    main.o(i.main) refers to smg.o(.data) for _SMG
    main.o(i.main) refers to ad_key.o(.bss) for _Key
    main.o(i.main) refers to ad_key.o(.data) for _Device
    main.o(i.main) refers to main.o(.data) for Test_flag
    isr.o(i.TMR1_IRQHandler) refers to timer.o(i.TMR_GetOverflowIntFlag) for TMR_GetOverflowIntFlag
    isr.o(i.TMR1_IRQHandler) refers to timer.o(i.TMR_ClearOverflowIntFlag) for TMR_ClearOverflowIntFlag
    isr.o(i.TMR1_IRQHandler) refers to noretval__2printf.o(.text) for __2printf
    isr.o(i.TMR1_IRQHandler) refers to ad_key.o(.data) for _Device
    isr.o(i.TMR1_IRQHandler) refers to isr.o(.data) for Auto_ShutDown_Tim
    demo_uart.o(i.UART_UART1_Config) refers to uart.o(i.UART_ConfigRunMode) for UART_ConfigRunMode
    demo_uart.o(i.UART_UART1_Config) refers to system.o(i.SYS_EnablePeripheralClk) for SYS_EnablePeripheralClk
    demo_timer.o(i.TMR1_Period_Count_Config) refers to system.o(i.SYS_EnablePeripheralClk) for SYS_EnablePeripheralClk
    demo_timer.o(i.TMR1_Period_Count_Config) refers to timer.o(i.TMR_ConfigClk) for TMR_ConfigClk
    demo_timer.o(i.TMR1_Period_Count_Config) refers to timer.o(i.TMR_ConfigRunMode) for TMR_ConfigRunMode
    demo_timer.o(i.TMR1_Period_Count_Config) refers to timer.o(i.TMR_DisableOneShotMode) for TMR_DisableOneShotMode
    demo_timer.o(i.TMR1_Period_Count_Config) refers to timer.o(i.TMR_SetPeriod) for TMR_SetPeriod
    demo_timer.o(i.TMR1_Period_Count_Config) refers to timer.o(i.TMR_EnableOverflowInt) for TMR_EnableOverflowInt
    demo_timer.o(i.TMR1_Period_Count_Config) refers to demo_timer.o(i.NVIC_SetPriority) for NVIC_SetPriority
    demo_timer.o(i.TMR1_Period_Count_Config) refers to timer.o(i.TMR_Start) for TMR_Start
    smg.o(i.SMG_Show_AA) refers to smg.o(i.__ARM_common_switch8) for __ARM_common_switch8
    smg.o(i.SMG_Show_AA) refers to smg.o(.data) for _SMG
    smg.o(i.SMG_Show_AA) refers to smg.o(i.SMG_AA_ALL_OFF) for SMG_AA_ALL_OFF
    ad_key.o(i.AD_GetKey) refers to ad_key.o(i.Get_Key_val) for Get_Key_val
    ad_key.o(i.AD_GetKey) refers to noretval__2printf.o(.text) for __2printf
    ad_key.o(i.AD_GetKey) refers to cxn4016.o(i.Line_1A_CXN4) for Line_1A_CXN4
    ad_key.o(i.AD_GetKey) refers to ad_key.o(.data) for Key_ms
    ad_key.o(i.AD_GetKey) refers to ad_key.o(.bss) for _Key
    ad_key.o(i.AD_GetKey) refers to main.o(.data) for Test_flag
    cxn4016.o(i.Line_1A_CXN4) refers to tx1812_5050.o(i.Delay_1ms) for Delay_1ms
    cxn4016.o(i.Line_1A_CXN4) refers to cxn4016.o(i.Delay_N10us) for Delay_N10us
    tx1812_5050.o(i.All_Bright_RGB) refers to timer.o(i.TMR_DisableOverflowInt) for TMR_DisableOverflowInt
    tx1812_5050.o(i.All_Bright_RGB) refers to tx1812_5050.o(i.RGB_Send_Dat) for RGB_Send_Dat
    tx1812_5050.o(i.All_Bright_RGB) refers to timer.o(i.TMR_EnableOverflowInt) for TMR_EnableOverflowInt
    tx1812_5050.o(i.All_Bright_RGB) refers to tx1812_5050.o(i.Delay_1ms) for Delay_1ms
    tx1812_5050.o(i.Delay_500ms) refers to tx1812_5050.o(i.Delay_1ms) for Delay_1ms
    tx1812_5050.o(i.RGB_All_OFF) refers to timer.o(i.TMR_DisableOverflowInt) for TMR_DisableOverflowInt
    tx1812_5050.o(i.RGB_All_OFF) refers to tx1812_5050.o(i.RGB_Send_Dat) for RGB_Send_Dat
    tx1812_5050.o(i.RGB_All_OFF) refers to timer.o(i.TMR_EnableOverflowInt) for TMR_EnableOverflowInt
    tx1812_5050.o(i.RGB_All_OFF) refers to tx1812_5050.o(i.Delay_1ms) for Delay_1ms
    tx1812_5050.o(i.RGB_Rest) refers to tx1812_5050.o(i.Delay_1ms) for Delay_1ms
    tx1812_5050.o(i.RGB_Send_Dat) refers to timer.o(i.TMR_DisableOverflowInt) for TMR_DisableOverflowInt
    tx1812_5050.o(i.RGB_Send_Dat) refers to tx1812_5050.o(i.Delay_900ns) for Delay_900ns
    tx1812_5050.o(i.RGB_Send_Dat) refers to timer.o(i.TMR_EnableOverflowInt) for TMR_EnableOverflowInt
    tx1812_5050.o(i.RGB_TEST) refers to tx1812_5050.o(i.RGB_Send_Dat) for RGB_Send_Dat
    tx1812_5050.o(i.RGB_TEST) refers to tx1812_5050.o(i.RGB_All_OFF) for RGB_All_OFF
    tx1812_5050.o(i.RGB_TEST) refers to tx1812_5050.o(.data) for RGB_NUM
    tx1812_5050.o(i.TX1812_5050_Init) refers to tx1812_5050.o(i.Delay_1ms) for Delay_1ms
    tx1812_5050.o(i.TX1812_5050_Init) refers to timer.o(i.TMR_DisableOverflowInt) for TMR_DisableOverflowInt
    tx1812_5050.o(i.TX1812_5050_Init) refers to tx1812_5050.o(i.RGB_Rest) for RGB_Rest
    tx1812_5050.o(i.TX1812_5050_Init) refers to tx1812_5050.o(i.RGB_All_OFF) for RGB_All_OFF
    tx1812_5050.o(i.TX1812_5050_Init) refers to timer.o(i.TMR_EnableOverflowInt) for TMR_EnableOverflowInt
    __2printf.o(.text) refers to _printf_char_file.o(.text) for _printf_char_file
    __2printf.o(.text) refers to retarget.o(.data) for __stdout
    noretval__2printf.o(.text) refers to _printf_char_file.o(.text) for _printf_char_file
    noretval__2printf.o(.text) refers to retarget.o(.data) for __stdout
    __main.o(!!!main) refers to __rtentry.o(.ARM.Collect$$rtentry$$00000000) for __rt_entry
    __rtentry.o(.ARM.Collect$$rtentry$$00000000) refers (Special) to __rtentry2.o(.ARM.Collect$$rtentry$$0000000A) for __rt_entry_li
    __rtentry.o(.ARM.Collect$$rtentry$$00000000) refers (Special) to __rtentry2.o(.ARM.Collect$$rtentry$$0000000D) for __rt_entry_main
    __rtentry.o(.ARM.Collect$$rtentry$$00000000) refers (Special) to __rtentry2.o(.ARM.Collect$$rtentry$$0000000C) for __rt_entry_postli_1
    __rtentry.o(.ARM.Collect$$rtentry$$00000000) refers (Special) to __rtentry2.o(.ARM.Collect$$rtentry$$00000009) for __rt_entry_postsh_1
    __rtentry.o(.ARM.Collect$$rtentry$$00000000) refers (Special) to __rtentry2.o(.ARM.Collect$$rtentry$$00000002) for __rt_entry_presh_1
    __rtentry.o(.ARM.Collect$$rtentry$$00000000) refers (Special) to __rtentry4.o(.ARM.Collect$$rtentry$$00000004) for __rt_entry_sh
    aeabi_idiv0_sigfpe.o(.text) refers to rt_div0.o(.text) for __rt_div0
    _printf_char_file.o(.text) refers to _printf_char_common.o(.text) for _printf_char_common
    _printf_char_file.o(.text) refers to retarget.o(i.ferror) for ferror
    _printf_char_file.o(.text) refers to retarget.o(i.fputc) for fputc
    __rtentry2.o(.ARM.Collect$$rtentry$$00000008) refers to boardinit2.o(.text) for _platform_post_stackheap_init
    __rtentry2.o(.ARM.Collect$$rtentry$$0000000A) refers to libinit.o(.ARM.Collect$$libinit$$00000000) for __rt_lib_init
    __rtentry2.o(.ARM.Collect$$rtentry$$0000000B) refers to boardinit3.o(.text) for _platform_post_lib_init
    __rtentry2.o(.ARM.Collect$$rtentry$$0000000D) refers to main.o(i.main) for main
    __rtentry2.o(.ARM.Collect$$rtentry$$0000000D) refers to exit.o(.text) for exit
    __rtentry2.o(.ARM.exidx) refers to __rtentry2.o(.ARM.Collect$$rtentry$$00000001) for .ARM.Collect$$rtentry$$00000001
    __rtentry2.o(.ARM.exidx) refers to __rtentry2.o(.ARM.Collect$$rtentry$$00000008) for .ARM.Collect$$rtentry$$00000008
    __rtentry2.o(.ARM.exidx) refers to __rtentry2.o(.ARM.Collect$$rtentry$$0000000A) for .ARM.Collect$$rtentry$$0000000A
    __rtentry2.o(.ARM.exidx) refers to __rtentry2.o(.ARM.Collect$$rtentry$$0000000B) for .ARM.Collect$$rtentry$$0000000B
    __rtentry2.o(.ARM.exidx) refers to __rtentry2.o(.ARM.Collect$$rtentry$$0000000D) for .ARM.Collect$$rtentry$$0000000D
    __rtentry4.o(.ARM.Collect$$rtentry$$00000004) refers to sys_stackheap_outer.o(.text) for __user_setup_stackheap
    __rtentry4.o(.ARM.exidx) refers to __rtentry4.o(.ARM.Collect$$rtentry$$00000004) for .ARM.Collect$$rtentry$$00000004
    rt_div0.o(.text) refers to defsig_fpe_outer.o(.text) for __rt_SIGFPE
    _printf_char_common.o(.text) refers to __printf_nopercent.o(.text) for __printf
    sys_stackheap_outer.o(.text) refers to libspace.o(.text) for __user_perproc_libspace
    sys_stackheap_outer.o(.text) refers to startup_cms_m0.o(.text) for __user_initial_stackheap
    sys_stackheap_outer.o(__vectab_stack_and_reset_area) refers to tempstk.o(.text) for __temporary_stack_top
    sys_stackheap_outer.o(__vectab_stack_and_reset_area) refers to __main.o(!!!main) for __main
    exit.o(.text) refers to rtexit.o(.ARM.Collect$$rtexit$$00000000) for __rt_exit
    defsig_fpe_outer.o(.text) refers to defsig_fpe_inner.o(.text) for __rt_SIGFPE_inner
    defsig_fpe_outer.o(.text) refers to defsig_exit.o(.text) for __sig_exit
    defsig_fpe_formal.o(.text) refers to rt_raise.o(.text) for __rt_raise
    libinit.o(.ARM.Collect$$libinit$$00000000) refers (Special) to libinit2.o(.ARM.Collect$$libinit$$0000002E) for __rt_lib_init_alloca_1
    libinit.o(.ARM.Collect$$libinit$$00000000) refers (Special) to libinit2.o(.ARM.Collect$$libinit$$0000002C) for __rt_lib_init_argv_1
    libinit.o(.ARM.Collect$$libinit$$00000000) refers (Special) to libinit2.o(.ARM.Collect$$libinit$$0000001B) for __rt_lib_init_atexit_1
    libinit.o(.ARM.Collect$$libinit$$00000000) refers (Special) to libinit2.o(.ARM.Collect$$libinit$$00000021) for __rt_lib_init_clock_1
    libinit.o(.ARM.Collect$$libinit$$00000000) refers (Special) to libinit2.o(.ARM.Collect$$libinit$$00000032) for __rt_lib_init_cpp_1
    libinit.o(.ARM.Collect$$libinit$$00000000) refers (Special) to libinit2.o(.ARM.Collect$$libinit$$00000030) for __rt_lib_init_exceptions_1
    libinit.o(.ARM.Collect$$libinit$$00000000) refers (Special) to libinit2.o(.ARM.Collect$$libinit$$00000002) for __rt_lib_init_fp_1
    libinit.o(.ARM.Collect$$libinit$$00000000) refers (Special) to libinit2.o(.ARM.Collect$$libinit$$0000001F) for __rt_lib_init_fp_trap_1
    libinit.o(.ARM.Collect$$libinit$$00000000) refers (Special) to libinit2.o(.ARM.Collect$$libinit$$00000023) for __rt_lib_init_getenv_1
    libinit.o(.ARM.Collect$$libinit$$00000000) refers (Special) to libinit2.o(.ARM.Collect$$libinit$$0000000A) for __rt_lib_init_heap_1
    libinit.o(.ARM.Collect$$libinit$$00000000) refers (Special) to libinit2.o(.ARM.Collect$$libinit$$00000011) for __rt_lib_init_lc_collate_1
    libinit.o(.ARM.Collect$$libinit$$00000000) refers (Special) to libinit2.o(.ARM.Collect$$libinit$$00000013) for __rt_lib_init_lc_ctype_1
    libinit.o(.ARM.Collect$$libinit$$00000000) refers (Special) to libinit2.o(.ARM.Collect$$libinit$$00000015) for __rt_lib_init_lc_monetary_1
    libinit.o(.ARM.Collect$$libinit$$00000000) refers (Special) to libinit2.o(.ARM.Collect$$libinit$$00000017) for __rt_lib_init_lc_numeric_1
    libinit.o(.ARM.Collect$$libinit$$00000000) refers (Special) to libinit2.o(.ARM.Collect$$libinit$$00000019) for __rt_lib_init_lc_time_1
    libinit.o(.ARM.Collect$$libinit$$00000000) refers (Special) to libinit2.o(.ARM.Collect$$libinit$$00000004) for __rt_lib_init_preinit_1
    libinit.o(.ARM.Collect$$libinit$$00000000) refers (Special) to libinit2.o(.ARM.Collect$$libinit$$0000000E) for __rt_lib_init_rand_1
    libinit.o(.ARM.Collect$$libinit$$00000000) refers (Special) to libinit2.o(.ARM.Collect$$libinit$$00000033) for __rt_lib_init_return
    libinit.o(.ARM.Collect$$libinit$$00000000) refers (Special) to libinit2.o(.ARM.Collect$$libinit$$0000001D) for __rt_lib_init_signal_1
    libinit.o(.ARM.Collect$$libinit$$00000000) refers (Special) to libinit2.o(.ARM.Collect$$libinit$$00000025) for __rt_lib_init_stdio_1
    libinit.o(.ARM.Collect$$libinit$$00000000) refers (Special) to libinit2.o(.ARM.Collect$$libinit$$0000000C) for __rt_lib_init_user_alloc_1
    libspace.o(.text) refers to libspace.o(.bss) for __libspace_start
    rtexit.o(.ARM.Collect$$rtexit$$00000000) refers (Special) to rtexit2.o(.ARM.Collect$$rtexit$$00000004) for __rt_exit_exit
    rtexit.o(.ARM.Collect$$rtexit$$00000000) refers (Special) to rtexit2.o(.ARM.Collect$$rtexit$$00000003) for __rt_exit_ls
    rtexit.o(.ARM.Collect$$rtexit$$00000000) refers (Special) to rtexit2.o(.ARM.Collect$$rtexit$$00000002) for __rt_exit_prels_1
    rtexit.o(.ARM.exidx) refers (Special) to rtexit2.o(.ARM.Collect$$rtexit$$00000004) for __rt_exit_exit
    rtexit.o(.ARM.exidx) refers (Special) to rtexit2.o(.ARM.Collect$$rtexit$$00000003) for __rt_exit_ls
    rtexit.o(.ARM.exidx) refers (Special) to rtexit2.o(.ARM.Collect$$rtexit$$00000002) for __rt_exit_prels_1
    rtexit.o(.ARM.exidx) refers to rtexit.o(.ARM.Collect$$rtexit$$00000000) for .ARM.Collect$$rtexit$$00000000
    rt_raise.o(.text) refers to __raise.o(.text) for __raise
    rt_raise.o(.text) refers to retarget.o(i._sys_exit) for _sys_exit
    defsig_exit.o(.text) refers to retarget.o(i._sys_exit) for _sys_exit
    defsig_fpe_inner.o(.text) refers to defsig_general.o(.text) for __default_signal_display
    libinit2.o(.ARM.Collect$$libinit$$00000010) refers to libinit2.o(.ARM.Collect$$libinit$$0000000F) for .ARM.Collect$$libinit$$0000000F
    libinit2.o(.ARM.Collect$$libinit$$00000012) refers to libinit2.o(.ARM.Collect$$libinit$$0000000F) for .ARM.Collect$$libinit$$0000000F
    libinit2.o(.ARM.Collect$$libinit$$00000014) refers to libinit2.o(.ARM.Collect$$libinit$$0000000F) for .ARM.Collect$$libinit$$0000000F
    libinit2.o(.ARM.Collect$$libinit$$00000016) refers to libinit2.o(.ARM.Collect$$libinit$$0000000F) for .ARM.Collect$$libinit$$0000000F
    libinit2.o(.ARM.Collect$$libinit$$00000018) refers to libinit2.o(.ARM.Collect$$libinit$$0000000F) for .ARM.Collect$$libinit$$0000000F
    libinit2.o(.ARM.Collect$$libinit$$00000026) refers to argv_veneer.o(.text) for __ARM_argv_veneer
    libinit2.o(.ARM.Collect$$libinit$$00000027) refers to argv_veneer.o(.text) for __ARM_argv_veneer
    rtexit2.o(.ARM.Collect$$rtexit$$00000003) refers to libshutdown.o(.ARM.Collect$$libshutdown$$00000000) for __rt_lib_shutdown
    rtexit2.o(.ARM.Collect$$rtexit$$00000004) refers to retarget.o(i._sys_exit) for _sys_exit
    rtexit2.o(.ARM.exidx) refers to rtexit2.o(.ARM.Collect$$rtexit$$00000001) for .ARM.Collect$$rtexit$$00000001
    rtexit2.o(.ARM.exidx) refers to rtexit2.o(.ARM.Collect$$rtexit$$00000003) for .ARM.Collect$$rtexit$$00000003
    rtexit2.o(.ARM.exidx) refers to rtexit2.o(.ARM.Collect$$rtexit$$00000004) for .ARM.Collect$$rtexit$$00000004
    __raise.o(.text) refers to defsig.o(CL$$defsig) for __default_signal_handler
    defsig_general.o(.text) refers to retarget.o(i._ttywrch) for _ttywrch
    defsig.o(CL$$defsig) refers to defsig_fpe_inner.o(.text) for __rt_SIGFPE_inner
    defsig.o(CL$$defsig) refers to defsig_rtmem_inner.o(.text) for __rt_SIGRTMEM_inner
    _get_argv_nomalloc.o(.text) refers (Special) to hrguard.o(.text) for __heap_region$guard
    _get_argv_nomalloc.o(.text) refers to defsig_rtmem_outer.o(.text) for __rt_SIGRTMEM
    _get_argv_nomalloc.o(.text) refers to sys_command.o(.text) for _sys_command_string
    libshutdown.o(.ARM.Collect$$libshutdown$$00000000) refers (Special) to libshutdown2.o(.ARM.Collect$$libshutdown$$00000002) for __rt_lib_shutdown_cpp_1
    libshutdown.o(.ARM.Collect$$libshutdown$$00000000) refers (Special) to libshutdown2.o(.ARM.Collect$$libshutdown$$00000007) for __rt_lib_shutdown_fp_trap_1
    libshutdown.o(.ARM.Collect$$libshutdown$$00000000) refers (Special) to libshutdown2.o(.ARM.Collect$$libshutdown$$0000000F) for __rt_lib_shutdown_heap_1
    libshutdown.o(.ARM.Collect$$libshutdown$$00000000) refers (Special) to libshutdown2.o(.ARM.Collect$$libshutdown$$00000010) for __rt_lib_shutdown_return
    libshutdown.o(.ARM.Collect$$libshutdown$$00000000) refers (Special) to libshutdown2.o(.ARM.Collect$$libshutdown$$0000000A) for __rt_lib_shutdown_signal_1
    libshutdown.o(.ARM.Collect$$libshutdown$$00000000) refers (Special) to libshutdown2.o(.ARM.Collect$$libshutdown$$00000004) for __rt_lib_shutdown_stdio_1
    libshutdown.o(.ARM.Collect$$libshutdown$$00000000) refers (Special) to libshutdown2.o(.ARM.Collect$$libshutdown$$0000000C) for __rt_lib_shutdown_user_alloc_1
    sys_command.o(.text) refers (Special) to use_no_semi.o(.text) for __I$use$semihosting
    sys_command.o(.text) refers (Special) to indicate_semi.o(.text) for __semihosting_library_function
    defsig_abrt_inner.o(.text) refers to defsig_general.o(.text) for __default_signal_display
    defsig_rtred_inner.o(.text) refers to defsig_general.o(.text) for __default_signal_display
    defsig_rtmem_inner.o(.text) refers to defsig_general.o(.text) for __default_signal_display
    defsig_rtmem_outer.o(.text) refers to defsig_rtmem_inner.o(.text) for __rt_SIGRTMEM_inner
    defsig_rtmem_outer.o(.text) refers to defsig_exit.o(.text) for __sig_exit
    defsig_rtmem_formal.o(.text) refers to rt_raise.o(.text) for __rt_raise
    defsig_stak_inner.o(.text) refers to defsig_general.o(.text) for __default_signal_display
    defsig_pvfn_inner.o(.text) refers to defsig_general.o(.text) for __default_signal_display
    defsig_cppl_inner.o(.text) refers to defsig_general.o(.text) for __default_signal_display
    defsig_segv_inner.o(.text) refers to defsig_general.o(.text) for __default_signal_display
    defsig_other.o(.text) refers to defsig_general.o(.text) for __default_signal_display


==============================================================================

Removing Unused input sections from the image.

    Removing system_cms_m0.o(.rev16_text), (4 bytes).
    Removing system_cms_m0.o(.revsh_text), (4 bytes).
    Removing system.o(.rev16_text), (4 bytes).
    Removing system.o(.revsh_text), (4 bytes).
    Removing system.o(i.SYS_ClearLVDIntFlag), (20 bytes).
    Removing system.o(i.SYS_ConfigClkOutput), (40 bytes).
    Removing system.o(i.SYS_ConfigLVDLevel), (8 bytes).
    Removing system.o(i.SYS_DisableClkOutput), (20 bytes).
    Removing system.o(i.SYS_DisableHSI), (32 bytes).
    Removing system.o(i.SYS_DisableLVDInt), (20 bytes).
    Removing system.o(i.SYS_DisablePeripheralClk), (16 bytes).
    Removing system.o(i.SYS_DisableSARMProtect), (32 bytes).
    Removing system.o(i.SYS_EnableClkOutput), (20 bytes).
    Removing system.o(i.SYS_EnableLVDInt), (20 bytes).
    Removing system.o(i.SYS_EnableSARMProtect), (32 bytes).
    Removing system.o(i.SYS_EnableTRIMAdjustHSI), (20 bytes).
    Removing system.o(i.SYS_GetCPUResetFlag), (14 bytes).
    Removing system.o(i.SYS_GetLVDIntFlag), (16 bytes).
    Removing system.o(i.SYS_GetLVDStateFlag), (16 bytes).
    Removing system.o(i.SYS_GetMCUResetFlag), (14 bytes).
    Removing system.o(i.SYS_GetWDTResetFlag), (12 bytes).
    Removing system.o(i.SYS_GetWWDTResetFlag), (14 bytes).
    Removing uart.o(.rev16_text), (4 bytes).
    Removing uart.o(.revsh_text), (4 bytes).
    Removing retarget.o(.rev16_text), (4 bytes).
    Removing retarget.o(.revsh_text), (4 bytes).
    Removing retarget.o(i._ttywrch), (24 bytes).
    Removing retarget.o(i.fgetc), (48 bytes).
    Removing timer.o(.rev16_text), (4 bytes).
    Removing timer.o(.revsh_text), (4 bytes).
    Removing timer.o(i.TMR_EnableOneShotMode), (10 bytes).
    Removing timer.o(i.TMR_GetTimingData), (6 bytes).
    Removing timer.o(i.TMR_Stop), (10 bytes).
    Removing main.o(.rev16_text), (4 bytes).
    Removing main.o(.revsh_text), (4 bytes).
    Removing isr.o(.rev16_text), (4 bytes).
    Removing isr.o(.revsh_text), (4 bytes).
    Removing demo_uart.o(.rev16_text), (4 bytes).
    Removing demo_uart.o(.revsh_text), (4 bytes).
    Removing demo_timer.o(.rev16_text), (4 bytes).
    Removing demo_timer.o(.revsh_text), (4 bytes).
    Removing smg.o(.rev16_text), (4 bytes).
    Removing smg.o(.revsh_text), (4 bytes).
    Removing ad_key.o(.rev16_text), (4 bytes).
    Removing ad_key.o(.revsh_text), (4 bytes).
    Removing cxn4016.o(.rev16_text), (4 bytes).
    Removing cxn4016.o(.revsh_text), (4 bytes).
    Removing tx1812_5050.o(.rev16_text), (4 bytes).
    Removing tx1812_5050.o(.revsh_text), (4 bytes).
    Removing tx1812_5050.o(i.All_Bright_RGB), (324 bytes).
    Removing tx1812_5050.o(i.Delay_500ms), (24 bytes).
    Removing tx1812_5050.o(i.RGB_TEST), (72 bytes).
    Removing tx1812_5050.o(.bss), (12 bytes).
    Removing tx1812_5050.o(.data), (1 bytes).

54 unused section(s) (total 1001 bytes) removed from the image.

==============================================================================

Image Symbol Table

    Local Symbols

    Symbol Name                              Value     Ov Type        Size  Object(Section)

    RESET                                    0x00000000   Section      192  startup_cms_m0.o(RESET)
    ../clib/angel/boardlib.s                 0x00000000   Number         0  boardinit1.o ABSOLUTE
    ../clib/angel/boardlib.s                 0x00000000   Number         0  boardshut.o ABSOLUTE
    ../clib/angel/boardlib.s                 0x00000000   Number         0  boardinit3.o ABSOLUTE
    ../clib/angel/boardlib.s                 0x00000000   Number         0  boardinit2.o ABSOLUTE
    ../clib/angel/handlers.s                 0x00000000   Number         0  __scatter_zi.o ABSOLUTE
    ../clib/angel/handlers.s                 0x00000000   Number         0  __scatter_copy.o ABSOLUTE
    ../clib/angel/kernel.s                   0x00000000   Number         0  __rtentry4.o ABSOLUTE
    ../clib/angel/kernel.s                   0x00000000   Number         0  rtexit2.o ABSOLUTE
    ../clib/angel/kernel.s                   0x00000000   Number         0  __rtentry.o ABSOLUTE
    ../clib/angel/kernel.s                   0x00000000   Number         0  __rtentry2.o ABSOLUTE
    ../clib/angel/kernel.s                   0x00000000   Number         0  rtexit.o ABSOLUTE
    ../clib/angel/rt.s                       0x00000000   Number         0  aeabi_idiv0_sigfpe.o ABSOLUTE
    ../clib/angel/rt.s                       0x00000000   Number         0  aeabi_idiv0.o ABSOLUTE
    ../clib/angel/rt.s                       0x00000000   Number         0  rt_div0.o ABSOLUTE
    ../clib/angel/rt.s                       0x00000000   Number         0  rt_raise.o ABSOLUTE
    ../clib/angel/scatterp.s                 0x00000000   Number         0  __scatter.o ABSOLUTE
    ../clib/angel/startup.s                  0x00000000   Number         0  __main.o ABSOLUTE
    ../clib/angel/sys.s                      0x00000000   Number         0  sys_stackheap_outer.o ABSOLUTE
    ../clib/angel/sys.s                      0x00000000   Number         0  indicate_semi.o ABSOLUTE
    ../clib/angel/sys.s                      0x00000000   Number         0  use_no_semi.o ABSOLUTE
    ../clib/angel/sys.s                      0x00000000   Number         0  libspace.o ABSOLUTE
    ../clib/angel/sys.s                      0x00000000   Number         0  tempstk.o ABSOLUTE
    ../clib/angel/sysapp.c                   0x00000000   Number         0  sys_command.o ABSOLUTE
    ../clib/armsys.c                         0x00000000   Number         0  _get_argv_nomalloc.o ABSOLUTE
    ../clib/armsys.c                         0x00000000   Number         0  no_argv.o ABSOLUTE
    ../clib/armsys.c                         0x00000000   Number         0  argv_veneer.o ABSOLUTE
    ../clib/division.s                       0x00000000   Number         0  aeabi_sdiv.o ABSOLUTE
    ../clib/division.s                       0x00000000   Number         0  aeabi_sdiv_div0.o ABSOLUTE
    ../clib/heapalloc.c                      0x00000000   Number         0  hrguard.o ABSOLUTE
    ../clib/heapaux.c                        0x00000000   Number         0  heapauxi.o ABSOLUTE
    ../clib/libinit.s                        0x00000000   Number         0  libinit2.o ABSOLUTE
    ../clib/libinit.s                        0x00000000   Number         0  libshutdown2.o ABSOLUTE
    ../clib/libinit.s                        0x00000000   Number         0  libinit.o ABSOLUTE
    ../clib/libinit.s                        0x00000000   Number         0  libshutdown.o ABSOLUTE
    ../clib/printf.c                         0x00000000   Number         0  noretval__2printf.o ABSOLUTE
    ../clib/printf.c                         0x00000000   Number         0  _printf_char_file.o ABSOLUTE
    ../clib/printf.c                         0x00000000   Number         0  __printf_nopercent.o ABSOLUTE
    ../clib/printf.c                         0x00000000   Number         0  _printf_char_common.o ABSOLUTE
    ../clib/printf.c                         0x00000000   Number         0  __2printf.o ABSOLUTE
    ../clib/signal.c                         0x00000000   Number         0  defsig_rtmem_inner.o ABSOLUTE
    ../clib/signal.c                         0x00000000   Number         0  defsig_rtred_inner.o ABSOLUTE
    ../clib/signal.c                         0x00000000   Number         0  defsig_abrt_inner.o ABSOLUTE
    ../clib/signal.c                         0x00000000   Number         0  defsig_rtmem_formal.o ABSOLUTE
    ../clib/signal.c                         0x00000000   Number         0  defsig_fpe_inner.o ABSOLUTE
    ../clib/signal.c                         0x00000000   Number         0  defsig_exit.o ABSOLUTE
    ../clib/signal.c                         0x00000000   Number         0  defsig_other.o ABSOLUTE
    ../clib/signal.c                         0x00000000   Number         0  __raise.o ABSOLUTE
    ../clib/signal.c                         0x00000000   Number         0  defsig_segv_inner.o ABSOLUTE
    ../clib/signal.c                         0x00000000   Number         0  defsig_general.o ABSOLUTE
    ../clib/signal.c                         0x00000000   Number         0  defsig_pvfn_inner.o ABSOLUTE
    ../clib/signal.c                         0x00000000   Number         0  defsig_cppl_inner.o ABSOLUTE
    ../clib/signal.c                         0x00000000   Number         0  defsig_stak_inner.o ABSOLUTE
    ../clib/signal.c                         0x00000000   Number         0  defsig_rtmem_outer.o ABSOLUTE
    ../clib/signal.c                         0x00000000   Number         0  defsig_fpe_outer.o ABSOLUTE
    ../clib/signal.c                         0x00000000   Number         0  defsig_fpe_formal.o ABSOLUTE
    ../clib/signal.s                         0x00000000   Number         0  defsig.o ABSOLUTE
    ../clib/stdlib.c                         0x00000000   Number         0  exit.o ABSOLUTE
    ../fplib/cfplib/fpinit.c                 0x00000000   Number         0  fpinit.o ABSOLUTE
    ..\..\..\..\Libary\Device\CMS32F033\Source\ARM\startup_cms_m0.s 0x00000000   Number         0  startup_cms_m0.o ABSOLUTE
    ..\..\..\..\Libary\Device\CMS32F033\Source\system_cms_m0.c 0x00000000   Number         0  system_cms_m0.o ABSOLUTE
    ..\..\..\..\Libary\StdDriver\src\retarget.c 0x00000000   Number         0  retarget.o ABSOLUTE
    ..\..\..\..\Libary\StdDriver\src\system.c 0x00000000   Number         0  system.o ABSOLUTE
    ..\..\..\..\Libary\StdDriver\src\timer.c 0x00000000   Number         0  timer.o ABSOLUTE
    ..\..\..\..\Libary\StdDriver\src\uart.c  0x00000000   Number         0  uart.o ABSOLUTE
    ..\Lan_code\AD_Key.c                     0x00000000   Number         0  ad_key.o ABSOLUTE
    ..\Lan_code\CXN4016.c                    0x00000000   Number         0  cxn4016.o ABSOLUTE
    ..\Lan_code\SMG.c                        0x00000000   Number         0  smg.o ABSOLUTE
    ..\Lan_code\TX1812_5050.c                0x00000000   Number         0  tx1812_5050.o ABSOLUTE
    ..\\..\\..\\..\\Libary\\Device\\CMS32F033\\Source\\system_cms_m0.c 0x00000000   Number         0  system_cms_m0.o ABSOLUTE
    ..\\..\\..\\..\\Libary\\StdDriver\\src\\retarget.c 0x00000000   Number         0  retarget.o ABSOLUTE
    ..\\..\\..\\..\\Libary\\StdDriver\\src\\system.c 0x00000000   Number         0  system.o ABSOLUTE
    ..\\..\\..\\..\\Libary\\StdDriver\\src\\timer.c 0x00000000   Number         0  timer.o ABSOLUTE
    ..\\..\\..\\..\\Libary\\StdDriver\\src\\uart.c 0x00000000   Number         0  uart.o ABSOLUTE
    ..\\Lan_code\\AD_Key.c                   0x00000000   Number         0  ad_key.o ABSOLUTE
    ..\\Lan_code\\CXN4016.c                  0x00000000   Number         0  cxn4016.o ABSOLUTE
    ..\\Lan_code\\SMG.c                      0x00000000   Number         0  smg.o ABSOLUTE
    ..\\Lan_code\\TX1812_5050.c              0x00000000   Number         0  tx1812_5050.o ABSOLUTE
    ..\\code\\demo_timer.c                   0x00000000   Number         0  demo_timer.o ABSOLUTE
    ..\\code\\demo_uart.c                    0x00000000   Number         0  demo_uart.o ABSOLUTE
    ..\\code\\isr.c                          0x00000000   Number         0  isr.o ABSOLUTE
    ..\\code\\main.c                         0x00000000   Number         0  main.o ABSOLUTE
    ..\code\demo_timer.c                     0x00000000   Number         0  demo_timer.o ABSOLUTE
    ..\code\demo_uart.c                      0x00000000   Number         0  demo_uart.o ABSOLUTE
    ..\code\isr.c                            0x00000000   Number         0  isr.o ABSOLUTE
    ..\code\main.c                           0x00000000   Number         0  main.o ABSOLUTE
    dc.s                                     0x00000000   Number         0  dc.o ABSOLUTE
    !!!main                                  0x000000c0   Section        8  __main.o(!!!main)
    !!!scatter                               0x000000c8   Section       60  __scatter.o(!!!scatter)
    !!handler_copy                           0x00000104   Section       26  __scatter_copy.o(!!handler_copy)
    !!handler_zi                             0x00000120   Section       28  __scatter_zi.o(!!handler_zi)
    .ARM.Collect$$libinit$$00000000          0x0000013c   Section        2  libinit.o(.ARM.Collect$$libinit$$00000000)
    .ARM.Collect$$libinit$$00000002          0x0000013e   Section        0  libinit2.o(.ARM.Collect$$libinit$$00000002)
    .ARM.Collect$$libinit$$00000004          0x0000013e   Section        0  libinit2.o(.ARM.Collect$$libinit$$00000004)
    .ARM.Collect$$libinit$$0000000A          0x0000013e   Section        0  libinit2.o(.ARM.Collect$$libinit$$0000000A)
    .ARM.Collect$$libinit$$0000000C          0x0000013e   Section        0  libinit2.o(.ARM.Collect$$libinit$$0000000C)
    .ARM.Collect$$libinit$$0000000E          0x0000013e   Section        0  libinit2.o(.ARM.Collect$$libinit$$0000000E)
    .ARM.Collect$$libinit$$00000011          0x0000013e   Section        0  libinit2.o(.ARM.Collect$$libinit$$00000011)
    .ARM.Collect$$libinit$$00000013          0x0000013e   Section        0  libinit2.o(.ARM.Collect$$libinit$$00000013)
    .ARM.Collect$$libinit$$00000015          0x0000013e   Section        0  libinit2.o(.ARM.Collect$$libinit$$00000015)
    .ARM.Collect$$libinit$$00000017          0x0000013e   Section        0  libinit2.o(.ARM.Collect$$libinit$$00000017)
    .ARM.Collect$$libinit$$00000019          0x0000013e   Section        0  libinit2.o(.ARM.Collect$$libinit$$00000019)
    .ARM.Collect$$libinit$$0000001B          0x0000013e   Section        0  libinit2.o(.ARM.Collect$$libinit$$0000001B)
    .ARM.Collect$$libinit$$0000001D          0x0000013e   Section        0  libinit2.o(.ARM.Collect$$libinit$$0000001D)
    .ARM.Collect$$libinit$$0000001F          0x0000013e   Section        0  libinit2.o(.ARM.Collect$$libinit$$0000001F)
    .ARM.Collect$$libinit$$00000021          0x0000013e   Section        0  libinit2.o(.ARM.Collect$$libinit$$00000021)
    .ARM.Collect$$libinit$$00000023          0x0000013e   Section        0  libinit2.o(.ARM.Collect$$libinit$$00000023)
    .ARM.Collect$$libinit$$00000025          0x0000013e   Section        0  libinit2.o(.ARM.Collect$$libinit$$00000025)
    .ARM.Collect$$libinit$$0000002C          0x0000013e   Section        0  libinit2.o(.ARM.Collect$$libinit$$0000002C)
    .ARM.Collect$$libinit$$0000002E          0x0000013e   Section        0  libinit2.o(.ARM.Collect$$libinit$$0000002E)
    .ARM.Collect$$libinit$$00000030          0x0000013e   Section        0  libinit2.o(.ARM.Collect$$libinit$$00000030)
    .ARM.Collect$$libinit$$00000032          0x0000013e   Section        0  libinit2.o(.ARM.Collect$$libinit$$00000032)
    .ARM.Collect$$libinit$$00000033          0x0000013e   Section        2  libinit2.o(.ARM.Collect$$libinit$$00000033)
    .ARM.Collect$$libshutdown$$00000000      0x00000140   Section        2  libshutdown.o(.ARM.Collect$$libshutdown$$00000000)
    .ARM.Collect$$libshutdown$$00000002      0x00000142   Section        0  libshutdown2.o(.ARM.Collect$$libshutdown$$00000002)
    .ARM.Collect$$libshutdown$$00000004      0x00000142   Section        0  libshutdown2.o(.ARM.Collect$$libshutdown$$00000004)
    .ARM.Collect$$libshutdown$$00000007      0x00000142   Section        0  libshutdown2.o(.ARM.Collect$$libshutdown$$00000007)
    .ARM.Collect$$libshutdown$$0000000A      0x00000142   Section        0  libshutdown2.o(.ARM.Collect$$libshutdown$$0000000A)
    .ARM.Collect$$libshutdown$$0000000C      0x00000142   Section        0  libshutdown2.o(.ARM.Collect$$libshutdown$$0000000C)
    .ARM.Collect$$libshutdown$$0000000F      0x00000142   Section        0  libshutdown2.o(.ARM.Collect$$libshutdown$$0000000F)
    .ARM.Collect$$libshutdown$$00000010      0x00000142   Section        2  libshutdown2.o(.ARM.Collect$$libshutdown$$00000010)
    .ARM.Collect$$rtentry$$00000000          0x00000144   Section        0  __rtentry.o(.ARM.Collect$$rtentry$$00000000)
    .ARM.Collect$$rtentry$$00000002          0x00000144   Section        0  __rtentry2.o(.ARM.Collect$$rtentry$$00000002)
    .ARM.Collect$$rtentry$$00000004          0x00000144   Section        6  __rtentry4.o(.ARM.Collect$$rtentry$$00000004)
    .ARM.Collect$$rtentry$$00000009          0x0000014a   Section        0  __rtentry2.o(.ARM.Collect$$rtentry$$00000009)
    .ARM.Collect$$rtentry$$0000000A          0x0000014a   Section        4  __rtentry2.o(.ARM.Collect$$rtentry$$0000000A)
    .ARM.Collect$$rtentry$$0000000C          0x0000014e   Section        0  __rtentry2.o(.ARM.Collect$$rtentry$$0000000C)
    .ARM.Collect$$rtentry$$0000000D          0x0000014e   Section        8  __rtentry2.o(.ARM.Collect$$rtentry$$0000000D)
    .ARM.Collect$$rtexit$$00000000           0x00000156   Section        2  rtexit.o(.ARM.Collect$$rtexit$$00000000)
    .ARM.Collect$$rtexit$$00000002           0x00000158   Section        0  rtexit2.o(.ARM.Collect$$rtexit$$00000002)
    .ARM.Collect$$rtexit$$00000003           0x00000158   Section        4  rtexit2.o(.ARM.Collect$$rtexit$$00000003)
    .ARM.Collect$$rtexit$$00000004           0x0000015c   Section        6  rtexit2.o(.ARM.Collect$$rtexit$$00000004)
    .text                                    0x00000164   Section       52  startup_cms_m0.o(.text)
    Default_Handler                          0x00000177   Thumb Code     2  startup_cms_m0.o(.text)
    .text                                    0x00000198   Section        0  noretval__2printf.o(.text)
    .text                                    0x000001b4   Section      346  aeabi_sdiv.o(.text)
    .text                                    0x0000030e   Section        0  heapauxi.o(.text)
    .text                                    0x00000314   Section        0  _printf_char_file.o(.text)
    .text                                    0x0000033c   Section        0  _printf_char_common.o(.text)
    _printf_input_char                       0x0000033d   Thumb Code    10  _printf_char_common.o(.text)
    .text                                    0x0000036c   Section       62  sys_stackheap_outer.o(.text)
    .text                                    0x000003aa   Section        0  __printf_nopercent.o(.text)
    .text                                    0x000003ce   Section        0  exit.o(.text)
    .text                                    0x000003e0   Section        8  libspace.o(.text)
    i.ACMP_IRQHandler                        0x000003e8   Section        0  isr.o(i.ACMP_IRQHandler)
    i.ADC0_IRQHandler                        0x000003ea   Section        0  isr.o(i.ADC0_IRQHandler)
    i.ADC1_IRQHandler                        0x000003ec   Section        0  isr.o(i.ADC1_IRQHandler)
    i.AD_GetKey                              0x000003f0   Section        0  ad_key.o(i.AD_GetKey)
    i.CCP_IRQHandler                         0x000008c8   Section        0  isr.o(i.CCP_IRQHandler)
    i.CXN4016_INIT                           0x000008cc   Section        0  cxn4016.o(i.CXN4016_INIT)
    i.Delay_1ms                              0x00000940   Section        0  tx1812_5050.o(i.Delay_1ms)
    i.Delay_900ns                            0x00000960   Section        0  tx1812_5050.o(i.Delay_900ns)
    i.Delay_N10us                            0x0000097a   Section        0  cxn4016.o(i.Delay_N10us)
    i.EPWM_IRQHandler                        0x000009ba   Section        0  isr.o(i.EPWM_IRQHandler)
    i.GPIO0_IRQHandler                       0x000009bc   Section        0  isr.o(i.GPIO0_IRQHandler)
    i.GPIO1_IRQHandler                       0x000009be   Section        0  isr.o(i.GPIO1_IRQHandler)
    i.GPIO2_IRQHandler                       0x000009c0   Section        0  isr.o(i.GPIO2_IRQHandler)
    i.GPIO3_IRQHandler                       0x000009c2   Section        0  isr.o(i.GPIO3_IRQHandler)
    i.GPIO4_IRQHandler                       0x000009c4   Section        0  isr.o(i.GPIO4_IRQHandler)
    i.Get_Key_val                            0x000009c6   Section        0  ad_key.o(i.Get_Key_val)
    i.HardFault_Handler                      0x00000a56   Section        0  isr.o(i.HardFault_Handler)
    i.I2C_IRQHandler                         0x00000a58   Section        0  isr.o(i.I2C_IRQHandler)
    i.Key_Init_IO                            0x00000a5c   Section        0  ad_key.o(i.Key_Init_IO)
    i.LED_IO_INIT                            0x00000be4   Section        0  smg.o(i.LED_IO_INIT)
    i.LVD_IRQHandler                         0x00000e24   Section        0  isr.o(i.LVD_IRQHandler)
    i.Line_1A_CXN4                           0x00000e26   Section        0  cxn4016.o(i.Line_1A_CXN4)
    i.NMI_Handler                            0x00000ee4   Section        0  isr.o(i.NMI_Handler)
    i.NVIC_SetPriority                       0x00000ee8   Section        0  demo_timer.o(i.NVIC_SetPriority)
    NVIC_SetPriority                         0x00000ee9   Thumb Code   110  demo_timer.o(i.NVIC_SetPriority)
    i.PendSV_Handler                         0x00000f60   Section        0  isr.o(i.PendSV_Handler)
    i.RGB_All_OFF                            0x00000f62   Section        0  tx1812_5050.o(i.RGB_All_OFF)
    i.RGB_Rest                               0x00000f92   Section        0  tx1812_5050.o(i.RGB_Rest)
    i.RGB_Send_Dat                           0x00000fde   Section        0  tx1812_5050.o(i.RGB_Send_Dat)
    i.SMG_AA_ALL_OFF                         0x00001088   Section        0  smg.o(i.SMG_AA_ALL_OFF)
    i.SMG_Show_AA                            0x00001104   Section        0  smg.o(i.SMG_Show_AA)
    i.SPI_IRQHandler                         0x00001600   Section        0  isr.o(i.SPI_IRQHandler)
    i.SVC_Handler                            0x00001602   Section        0  isr.o(i.SVC_Handler)
    i.SYS_ConfigAHBClock                     0x00001604   Section        0  system.o(i.SYS_ConfigAHBClock)
    i.SYS_ConfigAPBClock                     0x00001640   Section        0  system.o(i.SYS_ConfigAPBClock)
    i.SYS_ConfigHSI                          0x00001650   Section        0  system.o(i.SYS_ConfigHSI)
    i.SYS_EnableHSI                          0x00001674   Section        0  system.o(i.SYS_EnableHSI)
    i.SYS_EnablePeripheralClk                0x00001690   Section        0  system.o(i.SYS_EnablePeripheralClk)
    i.SYS_GetHSIState                        0x000016a0   Section        0  system.o(i.SYS_GetHSIState)
    i.SysTick_Handler                        0x000016ac   Section        0  isr.o(i.SysTick_Handler)
    i.SystemCoreClockUpdate                  0x000016b0   Section        0  system_cms_m0.o(i.SystemCoreClockUpdate)
    i.SystemInit                             0x00001734   Section        0  system_cms_m0.o(i.SystemInit)
    i.TMR0_IRQHandler                        0x00001736   Section        0  isr.o(i.TMR0_IRQHandler)
    i.TMR1_IRQHandler                        0x00001738   Section        0  isr.o(i.TMR1_IRQHandler)
    i.TMR1_Period_Count_Config               0x0000182c   Section        0  demo_timer.o(i.TMR1_Period_Count_Config)
    i.TMR_ClearOverflowIntFlag               0x00001880   Section        0  timer.o(i.TMR_ClearOverflowIntFlag)
    i.TMR_ConfigClk                          0x00001886   Section        0  timer.o(i.TMR_ConfigClk)
    i.TMR_ConfigRunMode                      0x0000189e   Section        0  timer.o(i.TMR_ConfigRunMode)
    i.TMR_DisableOneShotMode                 0x000018b4   Section        0  timer.o(i.TMR_DisableOneShotMode)
    i.TMR_DisableOverflowInt                 0x000018be   Section        0  timer.o(i.TMR_DisableOverflowInt)
    i.TMR_EnableOverflowInt                  0x000018c8   Section        0  timer.o(i.TMR_EnableOverflowInt)
    i.TMR_GetOverflowIntFlag                 0x000018d2   Section        0  timer.o(i.TMR_GetOverflowIntFlag)
    i.TMR_SetPeriod                          0x000018dc   Section        0  timer.o(i.TMR_SetPeriod)
    i.TMR_Start                              0x000018e0   Section        0  timer.o(i.TMR_Start)
    i.TX1812_5050_Init                       0x000018ec   Section        0  tx1812_5050.o(i.TX1812_5050_Init)
    i.UART0_IRQHandler                       0x00001960   Section        0  isr.o(i.UART0_IRQHandler)
    i.UART1_IRQHandler                       0x00001962   Section        0  isr.o(i.UART1_IRQHandler)
    i.UART_ConfigRunMode                     0x00001964   Section        0  uart.o(i.UART_ConfigRunMode)
    i.UART_UART1_Config                      0x0000199c   Section        0  demo_uart.o(i.UART_UART1_Config)
    i.WDT_IRQHandler                         0x000019cc   Section        0  isr.o(i.WDT_IRQHandler)
    i.WWDT_IRQHandler                        0x000019ce   Section        0  isr.o(i.WWDT_IRQHandler)
    i.__ARM_common_switch8                   0x000019d0   Section        0  smg.o(i.__ARM_common_switch8)
    i._sys_exit                              0x000019ec   Section        0  retarget.o(i._sys_exit)
    i.ferror                                 0x000019f0   Section        0  retarget.o(i.ferror)
    i.fputc                                  0x000019f8   Section        0  retarget.o(i.fputc)
    i.main                                   0x00001a2c   Section        0  main.o(i.main)
    .data                                    0x20000000   Section       28  system_cms_m0.o(.data)
    .data                                    0x2000001c   Section        8  retarget.o(.data)
    .data                                    0x20000024   Section        1  main.o(.data)
    .data                                    0x20000028   Section       12  isr.o(.data)
    .data                                    0x20000034   Section        6  smg.o(.data)
    .data                                    0x2000003c   Section       10  ad_key.o(.data)
    i                                        0x20000045   Data           1  ad_key.o(.data)
    .bss                                     0x20000048   Section      192  ad_key.o(.bss)
    .bss                                     0x20000108   Section       96  libspace.o(.bss)
    HEAP                                     0x20000168   Section        0  startup_cms_m0.o(HEAP)
    STACK                                    0x20000168   Section     2048  startup_cms_m0.o(STACK)
    Heap_Mem                                 0x20000168   Data           0  startup_cms_m0.o(HEAP)
    Stack_Mem                                0x20000168   Data        2048  startup_cms_m0.o(STACK)
    __initial_sp                             0x20000968   Data           0  startup_cms_m0.o(STACK)

    Global Symbols

    Symbol Name                              Value     Ov Type        Size  Object(Section)

    BuildAttributes$$THM_ISAv3M$S$PE$A:L22$X:L11$S22$IEEE1$IW$USESV6$~STKCKD$USESV7$~SHL$OSPACE$ROPI$EBA8$UX$STANDARDLIB$REQ8$PRES8$EABIv2 0x00000000   Number         0  anon$$obj.o ABSOLUTE
    __ARM_use_no_argv                        0x00000000   Number         0  main.o ABSOLUTE
    __Vectors                                0x00000000   Data           4  startup_cms_m0.o(RESET)
    __ARM_exceptions_init                     - Undefined Weak Reference
    __alloca_initialize                       - Undefined Weak Reference
    __arm_preinit_                            - Undefined Weak Reference
    __cpp_initialize__aeabi_                  - Undefined Weak Reference
    __cxa_finalize                            - Undefined Weak Reference
    __rt_locale                               - Undefined Weak Reference
    __sigvec_lookup                           - Undefined Weak Reference
    _atexit_init                              - Undefined Weak Reference
    _call_atexit_fns                          - Undefined Weak Reference
    _clock_init                               - Undefined Weak Reference
    _fp_trap_init                             - Undefined Weak Reference
    _fp_trap_shutdown                         - Undefined Weak Reference
    _get_lc_collate                           - Undefined Weak Reference
    _get_lc_ctype                             - Undefined Weak Reference
    _get_lc_monetary                          - Undefined Weak Reference
    _get_lc_numeric                           - Undefined Weak Reference
    _get_lc_time                              - Undefined Weak Reference
    _getenv_init                              - Undefined Weak Reference
    _handle_redirection                       - Undefined Weak Reference
    _init_alloc                               - Undefined Weak Reference
    _init_user_alloc                          - Undefined Weak Reference
    _initio                                   - Undefined Weak Reference
    _rand_init                                - Undefined Weak Reference
    _signal_finish                            - Undefined Weak Reference
    _signal_init                              - Undefined Weak Reference
    _terminate_alloc                          - Undefined Weak Reference
    _terminate_user_alloc                     - Undefined Weak Reference
    _terminateio                              - Undefined Weak Reference
    __main                                   0x000000c1   Thumb Code     8  __main.o(!!!main)
    __scatterload                            0x000000c9   Thumb Code     0  __scatter.o(!!!scatter)
    __scatterload_rt2                        0x000000c9   Thumb Code    52  __scatter.o(!!!scatter)
    __scatterload_rt2_thumb_only             0x000000c9   Thumb Code     0  __scatter.o(!!!scatter)
    __scatterload_null                       0x000000d9   Thumb Code     0  __scatter.o(!!!scatter)
    __scatterload_copy                       0x00000105   Thumb Code    26  __scatter_copy.o(!!handler_copy)
    __scatterload_zeroinit                   0x00000121   Thumb Code    28  __scatter_zi.o(!!handler_zi)
    __rt_lib_init                            0x0000013d   Thumb Code     0  libinit.o(.ARM.Collect$$libinit$$00000000)
    __rt_lib_init_alloca_1                   0x0000013f   Thumb Code     0  libinit2.o(.ARM.Collect$$libinit$$0000002E)
    __rt_lib_init_argv_1                     0x0000013f   Thumb Code     0  libinit2.o(.ARM.Collect$$libinit$$0000002C)
    __rt_lib_init_atexit_1                   0x0000013f   Thumb Code     0  libinit2.o(.ARM.Collect$$libinit$$0000001B)
    __rt_lib_init_clock_1                    0x0000013f   Thumb Code     0  libinit2.o(.ARM.Collect$$libinit$$00000021)
    __rt_lib_init_cpp_1                      0x0000013f   Thumb Code     0  libinit2.o(.ARM.Collect$$libinit$$00000032)
    __rt_lib_init_exceptions_1               0x0000013f   Thumb Code     0  libinit2.o(.ARM.Collect$$libinit$$00000030)
    __rt_lib_init_fp_1                       0x0000013f   Thumb Code     0  libinit2.o(.ARM.Collect$$libinit$$00000002)
    __rt_lib_init_fp_trap_1                  0x0000013f   Thumb Code     0  libinit2.o(.ARM.Collect$$libinit$$0000001F)
    __rt_lib_init_getenv_1                   0x0000013f   Thumb Code     0  libinit2.o(.ARM.Collect$$libinit$$00000023)
    __rt_lib_init_heap_1                     0x0000013f   Thumb Code     0  libinit2.o(.ARM.Collect$$libinit$$0000000A)
    __rt_lib_init_lc_collate_1               0x0000013f   Thumb Code     0  libinit2.o(.ARM.Collect$$libinit$$00000011)
    __rt_lib_init_lc_ctype_1                 0x0000013f   Thumb Code     0  libinit2.o(.ARM.Collect$$libinit$$00000013)
    __rt_lib_init_lc_monetary_1              0x0000013f   Thumb Code     0  libinit2.o(.ARM.Collect$$libinit$$00000015)
    __rt_lib_init_lc_numeric_1               0x0000013f   Thumb Code     0  libinit2.o(.ARM.Collect$$libinit$$00000017)
    __rt_lib_init_lc_time_1                  0x0000013f   Thumb Code     0  libinit2.o(.ARM.Collect$$libinit$$00000019)
    __rt_lib_init_preinit_1                  0x0000013f   Thumb Code     0  libinit2.o(.ARM.Collect$$libinit$$00000004)
    __rt_lib_init_rand_1                     0x0000013f   Thumb Code     0  libinit2.o(.ARM.Collect$$libinit$$0000000E)
    __rt_lib_init_return                     0x0000013f   Thumb Code     0  libinit2.o(.ARM.Collect$$libinit$$00000033)
    __rt_lib_init_signal_1                   0x0000013f   Thumb Code     0  libinit2.o(.ARM.Collect$$libinit$$0000001D)
    __rt_lib_init_stdio_1                    0x0000013f   Thumb Code     0  libinit2.o(.ARM.Collect$$libinit$$00000025)
    __rt_lib_init_user_alloc_1               0x0000013f   Thumb Code     0  libinit2.o(.ARM.Collect$$libinit$$0000000C)
    __rt_lib_shutdown                        0x00000141   Thumb Code     0  libshutdown.o(.ARM.Collect$$libshutdown$$00000000)
    __rt_lib_shutdown_cpp_1                  0x00000143   Thumb Code     0  libshutdown2.o(.ARM.Collect$$libshutdown$$00000002)
    __rt_lib_shutdown_fp_trap_1              0x00000143   Thumb Code     0  libshutdown2.o(.ARM.Collect$$libshutdown$$00000007)
    __rt_lib_shutdown_heap_1                 0x00000143   Thumb Code     0  libshutdown2.o(.ARM.Collect$$libshutdown$$0000000F)
    __rt_lib_shutdown_return                 0x00000143   Thumb Code     0  libshutdown2.o(.ARM.Collect$$libshutdown$$00000010)
    __rt_lib_shutdown_signal_1               0x00000143   Thumb Code     0  libshutdown2.o(.ARM.Collect$$libshutdown$$0000000A)
    __rt_lib_shutdown_stdio_1                0x00000143   Thumb Code     0  libshutdown2.o(.ARM.Collect$$libshutdown$$00000004)
    __rt_lib_shutdown_user_alloc_1           0x00000143   Thumb Code     0  libshutdown2.o(.ARM.Collect$$libshutdown$$0000000C)
    __rt_entry                               0x00000145   Thumb Code     0  __rtentry.o(.ARM.Collect$$rtentry$$00000000)
    __rt_entry_presh_1                       0x00000145   Thumb Code     0  __rtentry2.o(.ARM.Collect$$rtentry$$00000002)
    __rt_entry_sh                            0x00000145   Thumb Code     0  __rtentry4.o(.ARM.Collect$$rtentry$$00000004)
    __rt_entry_li                            0x0000014b   Thumb Code     0  __rtentry2.o(.ARM.Collect$$rtentry$$0000000A)
    __rt_entry_postsh_1                      0x0000014b   Thumb Code     0  __rtentry2.o(.ARM.Collect$$rtentry$$00000009)
    __rt_entry_main                          0x0000014f   Thumb Code     0  __rtentry2.o(.ARM.Collect$$rtentry$$0000000D)
    __rt_entry_postli_1                      0x0000014f   Thumb Code     0  __rtentry2.o(.ARM.Collect$$rtentry$$0000000C)
    __rt_exit                                0x00000157   Thumb Code     0  rtexit.o(.ARM.Collect$$rtexit$$00000000)
    __rt_exit_ls                             0x00000159   Thumb Code     0  rtexit2.o(.ARM.Collect$$rtexit$$00000003)
    __rt_exit_prels_1                        0x00000159   Thumb Code     0  rtexit2.o(.ARM.Collect$$rtexit$$00000002)
    __rt_exit_exit                           0x0000015d   Thumb Code     0  rtexit2.o(.ARM.Collect$$rtexit$$00000004)
    Reset_Handler                            0x00000165   Thumb Code     8  startup_cms_m0.o(.text)
    __user_initial_stackheap                 0x00000179   Thumb Code     0  startup_cms_m0.o(.text)
    __2printf                                0x00000199   Thumb Code    22  noretval__2printf.o(.text)
    __aeabi_uidiv                            0x000001b5   Thumb Code     0  aeabi_sdiv.o(.text)
    __aeabi_uidivmod                         0x000001b5   Thumb Code    20  aeabi_sdiv.o(.text)
    __aeabi_idiv                             0x000001c9   Thumb Code     0  aeabi_sdiv.o(.text)
    __aeabi_idivmod                          0x000001c9   Thumb Code   326  aeabi_sdiv.o(.text)
    __use_two_region_memory                  0x0000030f   Thumb Code     2  heapauxi.o(.text)
    __rt_heap_escrow$2region                 0x00000311   Thumb Code     2  heapauxi.o(.text)
    __rt_heap_expand$2region                 0x00000313   Thumb Code     2  heapauxi.o(.text)
    _printf_char_file                        0x00000315   Thumb Code    34  _printf_char_file.o(.text)
    _printf_char_common                      0x00000347   Thumb Code    32  _printf_char_common.o(.text)
    __user_setup_stackheap                   0x0000036d   Thumb Code    62  sys_stackheap_outer.o(.text)
    __printf                                 0x000003ab   Thumb Code    36  __printf_nopercent.o(.text)
    exit                                     0x000003cf   Thumb Code    16  exit.o(.text)
    __user_libspace                          0x000003e1   Thumb Code     8  libspace.o(.text)
    __user_perproc_libspace                  0x000003e1   Thumb Code     0  libspace.o(.text)
    __user_perthread_libspace                0x000003e1   Thumb Code     0  libspace.o(.text)
    ACMP_IRQHandler                          0x000003e9   Thumb Code     2  isr.o(i.ACMP_IRQHandler)
    ADC0_IRQHandler                          0x000003eb   Thumb Code     2  isr.o(i.ADC0_IRQHandler)
    ADC1_IRQHandler                          0x000003ed   Thumb Code     2  isr.o(i.ADC1_IRQHandler)
    AD_GetKey                                0x000003f1   Thumb Code  1224  ad_key.o(i.AD_GetKey)
    CCP_IRQHandler                           0x000008c9   Thumb Code     2  isr.o(i.CCP_IRQHandler)
    CXN4016_INIT                             0x000008cd   Thumb Code   112  cxn4016.o(i.CXN4016_INIT)
    Delay_1ms                                0x00000941   Thumb Code    26  tx1812_5050.o(i.Delay_1ms)
    Delay_900ns                              0x00000961   Thumb Code    26  tx1812_5050.o(i.Delay_900ns)
    Delay_N10us                              0x0000097b   Thumb Code    64  cxn4016.o(i.Delay_N10us)
    EPWM_IRQHandler                          0x000009bb   Thumb Code     2  isr.o(i.EPWM_IRQHandler)
    GPIO0_IRQHandler                         0x000009bd   Thumb Code     2  isr.o(i.GPIO0_IRQHandler)
    GPIO1_IRQHandler                         0x000009bf   Thumb Code     2  isr.o(i.GPIO1_IRQHandler)
    GPIO2_IRQHandler                         0x000009c1   Thumb Code     2  isr.o(i.GPIO2_IRQHandler)
    GPIO3_IRQHandler                         0x000009c3   Thumb Code     2  isr.o(i.GPIO3_IRQHandler)
    GPIO4_IRQHandler                         0x000009c5   Thumb Code     2  isr.o(i.GPIO4_IRQHandler)
    Get_Key_val                              0x000009c7   Thumb Code   144  ad_key.o(i.Get_Key_val)
    HardFault_Handler                        0x00000a57   Thumb Code     2  isr.o(i.HardFault_Handler)
    I2C_IRQHandler                           0x00000a59   Thumb Code     2  isr.o(i.I2C_IRQHandler)
    Key_Init_IO                              0x00000a5d   Thumb Code   386  ad_key.o(i.Key_Init_IO)
    LED_IO_INIT                              0x00000be5   Thumb Code   570  smg.o(i.LED_IO_INIT)
    LVD_IRQHandler                           0x00000e25   Thumb Code     2  isr.o(i.LVD_IRQHandler)
    Line_1A_CXN4                             0x00000e27   Thumb Code   190  cxn4016.o(i.Line_1A_CXN4)
    NMI_Handler                              0x00000ee5   Thumb Code     2  isr.o(i.NMI_Handler)
    PendSV_Handler                           0x00000f61   Thumb Code     2  isr.o(i.PendSV_Handler)
    RGB_All_OFF                              0x00000f63   Thumb Code    48  tx1812_5050.o(i.RGB_All_OFF)
    RGB_Rest                                 0x00000f93   Thumb Code    76  tx1812_5050.o(i.RGB_Rest)
    RGB_Send_Dat                             0x00000fdf   Thumb Code   170  tx1812_5050.o(i.RGB_Send_Dat)
    SMG_AA_ALL_OFF                           0x00001089   Thumb Code   124  smg.o(i.SMG_AA_ALL_OFF)
    SMG_Show_AA                              0x00001105   Thumb Code  1276  smg.o(i.SMG_Show_AA)
    SPI_IRQHandler                           0x00001601   Thumb Code     2  isr.o(i.SPI_IRQHandler)
    SVC_Handler                              0x00001603   Thumb Code     2  isr.o(i.SVC_Handler)
    SYS_ConfigAHBClock                       0x00001605   Thumb Code    50  system.o(i.SYS_ConfigAHBClock)
    SYS_ConfigAPBClock                       0x00001641   Thumb Code    16  system.o(i.SYS_ConfigAPBClock)
    SYS_ConfigHSI                            0x00001651   Thumb Code    32  system.o(i.SYS_ConfigHSI)
    SYS_EnableHSI                            0x00001675   Thumb Code    24  system.o(i.SYS_EnableHSI)
    SYS_EnablePeripheralClk                  0x00001691   Thumb Code    16  system.o(i.SYS_EnablePeripheralClk)
    SYS_GetHSIState                          0x000016a1   Thumb Code    12  system.o(i.SYS_GetHSIState)
    SysTick_Handler                          0x000016ad   Thumb Code     2  isr.o(i.SysTick_Handler)
    SystemCoreClockUpdate                    0x000016b1   Thumb Code   116  system_cms_m0.o(i.SystemCoreClockUpdate)
    SystemInit                               0x00001735   Thumb Code     2  system_cms_m0.o(i.SystemInit)
    TMR0_IRQHandler                          0x00001737   Thumb Code     2  isr.o(i.TMR0_IRQHandler)
    TMR1_IRQHandler                          0x00001739   Thumb Code   202  isr.o(i.TMR1_IRQHandler)
    TMR1_Period_Count_Config                 0x0000182d   Thumb Code    74  demo_timer.o(i.TMR1_Period_Count_Config)
    TMR_ClearOverflowIntFlag                 0x00001881   Thumb Code     6  timer.o(i.TMR_ClearOverflowIntFlag)
    TMR_ConfigClk                            0x00001887   Thumb Code    24  timer.o(i.TMR_ConfigClk)
    TMR_ConfigRunMode                        0x0000189f   Thumb Code    22  timer.o(i.TMR_ConfigRunMode)
    TMR_DisableOneShotMode                   0x000018b5   Thumb Code    10  timer.o(i.TMR_DisableOneShotMode)
    TMR_DisableOverflowInt                   0x000018bf   Thumb Code    10  timer.o(i.TMR_DisableOverflowInt)
    TMR_EnableOverflowInt                    0x000018c9   Thumb Code    10  timer.o(i.TMR_EnableOverflowInt)
    TMR_GetOverflowIntFlag                   0x000018d3   Thumb Code    10  timer.o(i.TMR_GetOverflowIntFlag)
    TMR_SetPeriod                            0x000018dd   Thumb Code     4  timer.o(i.TMR_SetPeriod)
    TMR_Start                                0x000018e1   Thumb Code    10  timer.o(i.TMR_Start)
    TX1812_5050_Init                         0x000018ed   Thumb Code   110  tx1812_5050.o(i.TX1812_5050_Init)
    UART0_IRQHandler                         0x00001961   Thumb Code     2  isr.o(i.UART0_IRQHandler)
    UART1_IRQHandler                         0x00001963   Thumb Code     2  isr.o(i.UART1_IRQHandler)
    UART_ConfigRunMode                       0x00001965   Thumb Code    50  uart.o(i.UART_ConfigRunMode)
    UART_UART1_Config                        0x0000199d   Thumb Code    42  demo_uart.o(i.UART_UART1_Config)
    WDT_IRQHandler                           0x000019cd   Thumb Code     2  isr.o(i.WDT_IRQHandler)
    WWDT_IRQHandler                          0x000019cf   Thumb Code     2  isr.o(i.WWDT_IRQHandler)
    __ARM_common_switch8                     0x000019d1   Thumb Code    28  smg.o(i.__ARM_common_switch8)
    _sys_exit                                0x000019ed   Thumb Code     4  retarget.o(i._sys_exit)
    ferror                                   0x000019f1   Thumb Code     8  retarget.o(i.ferror)
    fputc                                    0x000019f9   Thumb Code    52  retarget.o(i.fputc)
    main                                     0x00001a2d   Thumb Code   284  main.o(i.main)
    Region$$Table$$Base                      0x00001b7c   Number         0  anon$$obj.o(Region$$Table)
    Region$$Table$$Limit                     0x00001b9c   Number         0  anon$$obj.o(Region$$Table)
    SystemCoreClock                          0x20000000   Data           4  system_cms_m0.o(.data)
    SystemAPBClock                           0x20000004   Data           4  system_cms_m0.o(.data)
    CyclesPerUs                              0x20000008   Data           4  system_cms_m0.o(.data)
    HSIClock                                 0x2000000c   Data          16  system_cms_m0.o(.data)
    __stdout                                 0x2000001c   Data           4  retarget.o(.data)
    __stdin                                  0x20000020   Data           4  retarget.o(.data)
    Test_flag                                0x20000024   Data           1  main.o(.data)
    Tim_Test                                 0x20000028   Data           2  isr.o(.data)
    Tim_1ms                                  0x2000002c   Data           4  isr.o(.data)
    Auto_ShutDown_Tim                        0x20000030   Data           4  isr.o(.data)
    _SMG                                     0x20000034   Data           6  smg.o(.data)
    Key_ms                                   0x2000003c   Data           4  ad_key.o(.data)
    AD_Key_Val                               0x20000040   Data           4  ad_key.o(.data)
    _Device                                  0x20000044   Data           1  ad_key.o(.data)
    _Key                                     0x20000048   Data         192  ad_key.o(.bss)
    __libspace_start                         0x20000108   Data          96  libspace.o(.bss)
    __temporary_stack_top$libspace           0x20000168   Data           0  libspace.o(.bss)



==============================================================================

Memory Map of the image

  Image Entry point : 0x000000c1

  Load Region LR_IROM1 (Base: 0x00000000, Size: 0x00001be4, Max: 0x00008000, ABSOLUTE)

    Execution Region ER_IROM1 (Exec base: 0x00000000, Load base: 0x00000000, Size: 0x00001b9c, Max: 0x00008000, ABSOLUTE)

    Exec Addr    Load Addr    Size         Type   Attr      Idx    E Section Name        Object

    0x00000000   0x00000000   0x000000c0   Data   RO            3    RESET               startup_cms_m0.o
    0x000000c0   0x000000c0   0x00000008   Code   RO          983  * !!!main             c_p.l(__main.o)
    0x000000c8   0x000000c8   0x0000003c   Code   RO         1154    !!!scatter          c_p.l(__scatter.o)
    0x00000104   0x00000104   0x0000001a   Code   RO         1156    !!handler_copy      c_p.l(__scatter_copy.o)
    0x0000011e   0x0000011e   0x00000002   PAD
    0x00000120   0x00000120   0x0000001c   Code   RO         1158    !!handler_zi        c_p.l(__scatter_zi.o)
    0x0000013c   0x0000013c   0x00000002   Code   RO         1027    .ARM.Collect$$libinit$$00000000  c_p.l(libinit.o)
    0x0000013e   0x0000013e   0x00000000   Code   RO         1041    .ARM.Collect$$libinit$$00000002  c_p.l(libinit2.o)
    0x0000013e   0x0000013e   0x00000000   Code   RO         1043    .ARM.Collect$$libinit$$00000004  c_p.l(libinit2.o)
    0x0000013e   0x0000013e   0x00000000   Code   RO         1046    .ARM.Collect$$libinit$$0000000A  c_p.l(libinit2.o)
    0x0000013e   0x0000013e   0x00000000   Code   RO         1048    .ARM.Collect$$libinit$$0000000C  c_p.l(libinit2.o)
    0x0000013e   0x0000013e   0x00000000   Code   RO         1050    .ARM.Collect$$libinit$$0000000E  c_p.l(libinit2.o)
    0x0000013e   0x0000013e   0x00000000   Code   RO         1053    .ARM.Collect$$libinit$$00000011  c_p.l(libinit2.o)
    0x0000013e   0x0000013e   0x00000000   Code   RO         1055    .ARM.Collect$$libinit$$00000013  c_p.l(libinit2.o)
    0x0000013e   0x0000013e   0x00000000   Code   RO         1057    .ARM.Collect$$libinit$$00000015  c_p.l(libinit2.o)
    0x0000013e   0x0000013e   0x00000000   Code   RO         1059    .ARM.Collect$$libinit$$00000017  c_p.l(libinit2.o)
    0x0000013e   0x0000013e   0x00000000   Code   RO         1061    .ARM.Collect$$libinit$$00000019  c_p.l(libinit2.o)
    0x0000013e   0x0000013e   0x00000000   Code   RO         1063    .ARM.Collect$$libinit$$0000001B  c_p.l(libinit2.o)
    0x0000013e   0x0000013e   0x00000000   Code   RO         1065    .ARM.Collect$$libinit$$0000001D  c_p.l(libinit2.o)
    0x0000013e   0x0000013e   0x00000000   Code   RO         1067    .ARM.Collect$$libinit$$0000001F  c_p.l(libinit2.o)
    0x0000013e   0x0000013e   0x00000000   Code   RO         1069    .ARM.Collect$$libinit$$00000021  c_p.l(libinit2.o)
    0x0000013e   0x0000013e   0x00000000   Code   RO         1071    .ARM.Collect$$libinit$$00000023  c_p.l(libinit2.o)
    0x0000013e   0x0000013e   0x00000000   Code   RO         1073    .ARM.Collect$$libinit$$00000025  c_p.l(libinit2.o)
    0x0000013e   0x0000013e   0x00000000   Code   RO         1077    .ARM.Collect$$libinit$$0000002C  c_p.l(libinit2.o)
    0x0000013e   0x0000013e   0x00000000   Code   RO         1079    .ARM.Collect$$libinit$$0000002E  c_p.l(libinit2.o)
    0x0000013e   0x0000013e   0x00000000   Code   RO         1081    .ARM.Collect$$libinit$$00000030  c_p.l(libinit2.o)
    0x0000013e   0x0000013e   0x00000000   Code   RO         1083    .ARM.Collect$$libinit$$00000032  c_p.l(libinit2.o)
    0x0000013e   0x0000013e   0x00000002   Code   RO         1084    .ARM.Collect$$libinit$$00000033  c_p.l(libinit2.o)
    0x00000140   0x00000140   0x00000002   Code   RO         1108    .ARM.Collect$$libshutdown$$00000000  c_p.l(libshutdown.o)
    0x00000142   0x00000142   0x00000000   Code   RO         1134    .ARM.Collect$$libshutdown$$00000002  c_p.l(libshutdown2.o)
    0x00000142   0x00000142   0x00000000   Code   RO         1136    .ARM.Collect$$libshutdown$$00000004  c_p.l(libshutdown2.o)
    0x00000142   0x00000142   0x00000000   Code   RO         1139    .ARM.Collect$$libshutdown$$00000007  c_p.l(libshutdown2.o)
    0x00000142   0x00000142   0x00000000   Code   RO         1142    .ARM.Collect$$libshutdown$$0000000A  c_p.l(libshutdown2.o)
    0x00000142   0x00000142   0x00000000   Code   RO         1144    .ARM.Collect$$libshutdown$$0000000C  c_p.l(libshutdown2.o)
    0x00000142   0x00000142   0x00000000   Code   RO         1147    .ARM.Collect$$libshutdown$$0000000F  c_p.l(libshutdown2.o)
    0x00000142   0x00000142   0x00000002   Code   RO         1148    .ARM.Collect$$libshutdown$$00000010  c_p.l(libshutdown2.o)
    0x00000144   0x00000144   0x00000000   Code   RO          985    .ARM.Collect$$rtentry$$00000000  c_p.l(__rtentry.o)
    0x00000144   0x00000144   0x00000000   Code   RO          993    .ARM.Collect$$rtentry$$00000002  c_p.l(__rtentry2.o)
    0x00000144   0x00000144   0x00000006   Code   RO         1005    .ARM.Collect$$rtentry$$00000004  c_p.l(__rtentry4.o)
    0x0000014a   0x0000014a   0x00000000   Code   RO          995    .ARM.Collect$$rtentry$$00000009  c_p.l(__rtentry2.o)
    0x0000014a   0x0000014a   0x00000004   Code   RO          996    .ARM.Collect$$rtentry$$0000000A  c_p.l(__rtentry2.o)
    0x0000014e   0x0000014e   0x00000000   Code   RO          998    .ARM.Collect$$rtentry$$0000000C  c_p.l(__rtentry2.o)
    0x0000014e   0x0000014e   0x00000008   Code   RO          999    .ARM.Collect$$rtentry$$0000000D  c_p.l(__rtentry2.o)
    0x00000156   0x00000156   0x00000002   Code   RO         1032    .ARM.Collect$$rtexit$$00000000  c_p.l(rtexit.o)
    0x00000158   0x00000158   0x00000000   Code   RO         1086    .ARM.Collect$$rtexit$$00000002  c_p.l(rtexit2.o)
    0x00000158   0x00000158   0x00000004   Code   RO         1087    .ARM.Collect$$rtexit$$00000003  c_p.l(rtexit2.o)
    0x0000015c   0x0000015c   0x00000006   Code   RO         1088    .ARM.Collect$$rtexit$$00000004  c_p.l(rtexit2.o)
    0x00000162   0x00000162   0x00000002   PAD
    0x00000164   0x00000164   0x00000034   Code   RO            4    .text               startup_cms_m0.o
    0x00000198   0x00000198   0x0000001c   Code   RO          975    .text               c_p.l(noretval__2printf.o)
    0x000001b4   0x000001b4   0x0000015a   Code   RO          977    .text               c_p.l(aeabi_sdiv.o)
    0x0000030e   0x0000030e   0x00000006   Code   RO          981    .text               c_p.l(heapauxi.o)
    0x00000314   0x00000314   0x00000028   Code   RO          990    .text               c_p.l(_printf_char_file.o)
    0x0000033c   0x0000033c   0x00000030   Code   RO         1009    .text               c_p.l(_printf_char_common.o)
    0x0000036c   0x0000036c   0x0000003e   Code   RO         1011    .text               c_p.l(sys_stackheap_outer.o)
    0x000003aa   0x000003aa   0x00000024   Code   RO         1014    .text               c_p.l(__printf_nopercent.o)
    0x000003ce   0x000003ce   0x00000010   Code   RO         1016    .text               c_p.l(exit.o)
    0x000003de   0x000003de   0x00000002   PAD
    0x000003e0   0x000003e0   0x00000008   Code   RO         1028    .text               c_p.l(libspace.o)
    0x000003e8   0x000003e8   0x00000002   Code   RO          553    i.ACMP_IRQHandler   isr.o
    0x000003ea   0x000003ea   0x00000002   Code   RO          554    i.ADC0_IRQHandler   isr.o
    0x000003ec   0x000003ec   0x00000002   Code   RO          555    i.ADC1_IRQHandler   isr.o
    0x000003ee   0x000003ee   0x00000002   PAD
    0x000003f0   0x000003f0   0x000004d8   Code   RO          817    i.AD_GetKey         ad_key.o
    0x000008c8   0x000008c8   0x00000002   Code   RO          556    i.CCP_IRQHandler    isr.o
    0x000008ca   0x000008ca   0x00000002   PAD
    0x000008cc   0x000008cc   0x00000074   Code   RO          861    i.CXN4016_INIT      cxn4016.o
    0x00000940   0x00000940   0x00000020   Code   RO          898    i.Delay_1ms         tx1812_5050.o
    0x00000960   0x00000960   0x0000001a   Code   RO          900    i.Delay_900ns       tx1812_5050.o
    0x0000097a   0x0000097a   0x00000040   Code   RO          862    i.Delay_N10us       cxn4016.o
    0x000009ba   0x000009ba   0x00000002   Code   RO          557    i.EPWM_IRQHandler   isr.o
    0x000009bc   0x000009bc   0x00000002   Code   RO          558    i.GPIO0_IRQHandler  isr.o
    0x000009be   0x000009be   0x00000002   Code   RO          559    i.GPIO1_IRQHandler  isr.o
    0x000009c0   0x000009c0   0x00000002   Code   RO          560    i.GPIO2_IRQHandler  isr.o
    0x000009c2   0x000009c2   0x00000002   Code   RO          561    i.GPIO3_IRQHandler  isr.o
    0x000009c4   0x000009c4   0x00000002   Code   RO          562    i.GPIO4_IRQHandler  isr.o
    0x000009c6   0x000009c6   0x00000090   Code   RO          818    i.Get_Key_val       ad_key.o
    0x00000a56   0x00000a56   0x00000002   Code   RO          563    i.HardFault_Handler  isr.o
    0x00000a58   0x00000a58   0x00000002   Code   RO          564    i.I2C_IRQHandler    isr.o
    0x00000a5a   0x00000a5a   0x00000002   PAD
    0x00000a5c   0x00000a5c   0x00000188   Code   RO          819    i.Key_Init_IO       ad_key.o
    0x00000be4   0x00000be4   0x00000240   Code   RO          776    i.LED_IO_INIT       smg.o
    0x00000e24   0x00000e24   0x00000002   Code   RO          565    i.LVD_IRQHandler    isr.o
    0x00000e26   0x00000e26   0x000000be   Code   RO          863    i.Line_1A_CXN4      cxn4016.o
    0x00000ee4   0x00000ee4   0x00000002   Code   RO          566    i.NMI_Handler       isr.o
    0x00000ee6   0x00000ee6   0x00000002   PAD
    0x00000ee8   0x00000ee8   0x00000078   Code   RO          745    i.NVIC_SetPriority  demo_timer.o
    0x00000f60   0x00000f60   0x00000002   Code   RO          567    i.PendSV_Handler    isr.o
    0x00000f62   0x00000f62   0x00000030   Code   RO          901    i.RGB_All_OFF       tx1812_5050.o
    0x00000f92   0x00000f92   0x0000004c   Code   RO          902    i.RGB_Rest          tx1812_5050.o
    0x00000fde   0x00000fde   0x000000aa   Code   RO          903    i.RGB_Send_Dat      tx1812_5050.o
    0x00001088   0x00001088   0x0000007c   Code   RO          777    i.SMG_AA_ALL_OFF    smg.o
    0x00001104   0x00001104   0x000004fc   Code   RO          778    i.SMG_Show_AA       smg.o
    0x00001600   0x00001600   0x00000002   Code   RO          568    i.SPI_IRQHandler    isr.o
    0x00001602   0x00001602   0x00000002   Code   RO          569    i.SVC_Handler       isr.o
    0x00001604   0x00001604   0x0000003c   Code   RO          115    i.SYS_ConfigAHBClock  system.o
    0x00001640   0x00001640   0x00000010   Code   RO          116    i.SYS_ConfigAPBClock  system.o
    0x00001650   0x00001650   0x00000024   Code   RO          118    i.SYS_ConfigHSI     system.o
    0x00001674   0x00001674   0x0000001c   Code   RO          126    i.SYS_EnableHSI     system.o
    0x00001690   0x00001690   0x00000010   Code   RO          128    i.SYS_EnablePeripheralClk  system.o
    0x000016a0   0x000016a0   0x0000000c   Code   RO          132    i.SYS_GetHSIState   system.o
    0x000016ac   0x000016ac   0x00000002   Code   RO          570    i.SysTick_Handler   isr.o
    0x000016ae   0x000016ae   0x00000002   PAD
    0x000016b0   0x000016b0   0x00000084   Code   RO           12    i.SystemCoreClockUpdate  system_cms_m0.o
    0x00001734   0x00001734   0x00000002   Code   RO           13    i.SystemInit        system_cms_m0.o
    0x00001736   0x00001736   0x00000002   Code   RO          571    i.TMR0_IRQHandler   isr.o
    0x00001738   0x00001738   0x000000f4   Code   RO          572    i.TMR1_IRQHandler   isr.o
    0x0000182c   0x0000182c   0x00000054   Code   RO          746    i.TMR1_Period_Count_Config  demo_timer.o
    0x00001880   0x00001880   0x00000006   Code   RO          347    i.TMR_ClearOverflowIntFlag  timer.o
    0x00001886   0x00001886   0x00000018   Code   RO          348    i.TMR_ConfigClk     timer.o
    0x0000189e   0x0000189e   0x00000016   Code   RO          349    i.TMR_ConfigRunMode  timer.o
    0x000018b4   0x000018b4   0x0000000a   Code   RO          350    i.TMR_DisableOneShotMode  timer.o
    0x000018be   0x000018be   0x0000000a   Code   RO          351    i.TMR_DisableOverflowInt  timer.o
    0x000018c8   0x000018c8   0x0000000a   Code   RO          353    i.TMR_EnableOverflowInt  timer.o
    0x000018d2   0x000018d2   0x0000000a   Code   RO          354    i.TMR_GetOverflowIntFlag  timer.o
    0x000018dc   0x000018dc   0x00000004   Code   RO          356    i.TMR_SetPeriod     timer.o
    0x000018e0   0x000018e0   0x0000000a   Code   RO          357    i.TMR_Start         timer.o
    0x000018ea   0x000018ea   0x00000002   PAD
    0x000018ec   0x000018ec   0x00000074   Code   RO          905    i.TX1812_5050_Init  tx1812_5050.o
    0x00001960   0x00001960   0x00000002   Code   RO          573    i.UART0_IRQHandler  isr.o
    0x00001962   0x00001962   0x00000002   Code   RO          574    i.UART1_IRQHandler  isr.o
    0x00001964   0x00001964   0x00000038   Code   RO          276    i.UART_ConfigRunMode  uart.o
    0x0000199c   0x0000199c   0x00000030   Code   RO          722    i.UART_UART1_Config  demo_uart.o
    0x000019cc   0x000019cc   0x00000002   Code   RO          575    i.WDT_IRQHandler    isr.o
    0x000019ce   0x000019ce   0x00000002   Code   RO          576    i.WWDT_IRQHandler   isr.o
    0x000019d0   0x000019d0   0x0000001c   Code   RO          806    i.__ARM_common_switch8  smg.o
    0x000019ec   0x000019ec   0x00000004   Code   RO          296    i._sys_exit         retarget.o
    0x000019f0   0x000019f0   0x00000008   Code   RO          298    i.ferror            retarget.o
    0x000019f8   0x000019f8   0x00000034   Code   RO          300    i.fputc             retarget.o
    0x00001a2c   0x00001a2c   0x00000150   Code   RO          433    i.main              main.o
    0x00001b7c   0x00001b7c   0x00000020   Data   RO         1152    Region$$Table       anon$$obj.o


    Execution Region RW_IRAM1 (Exec base: 0x20000000, Load base: 0x00001b9c, Size: 0x00000968, Max: 0x00002000, ABSOLUTE)

    Exec Addr    Load Addr    Size         Type   Attr      Idx    E Section Name        Object

    0x20000000   0x00001b9c   0x0000001c   Data   RW           14    .data               system_cms_m0.o
    0x2000001c   0x00001bb8   0x00000008   Data   RW          301    .data               retarget.o
    0x20000024   0x00001bc0   0x00000001   Data   RW          434    .data               main.o
    0x20000025   0x00001bc1   0x00000003   PAD
    0x20000028   0x00001bc4   0x0000000c   Data   RW          577    .data               isr.o
    0x20000034   0x00001bd0   0x00000006   Data   RW          779    .data               smg.o
    0x2000003a   0x00001bd6   0x00000002   PAD
    0x2000003c   0x00001bd8   0x0000000a   Data   RW          821    .data               ad_key.o
    0x20000046   0x00001be2   0x00000002   PAD
    0x20000048        -       0x000000c0   Zero   RW          820    .bss                ad_key.o
    0x20000108        -       0x00000060   Zero   RW         1029    .bss                c_p.l(libspace.o)
    0x20000168        -       0x00000000   Zero   RW            2    HEAP                startup_cms_m0.o
    0x20000168        -       0x00000800   Zero   RW            1    STACK               startup_cms_m0.o


==============================================================================

Image component sizes


      Code (inc. data)   RO Data    RW Data    ZI Data      Debug   Object Name

      1776        148          0         10        192       4085   ad_key.o
       370          4          0          0          0       1772   cxn4016.o
       204         20          0          0          0       7695   demo_timer.o
        48          6          0          0          0        540   demo_uart.o
       290         42          0         12          0      11140   isr.o
       336         52          0          1          0      16059   main.o
        64          0          0          8          0       3859   retarget.o
      2004         22          0          6          0       2736   smg.o
        52         22        192          0       2048        784   startup_cms_m0.o
       168         18          0          0          0       3570   system.o
       134         16          0         28          0      52859   system_cms_m0.o
       106          0          0          0          0       5870   timer.o
       468         12          0          0          0       3353   tx1812_5050.o
        56          6          0          0          0       1341   uart.o

    ----------------------------------------------------------------------
      6088        368        224         72       2240     115663   Object Totals
         0          0         32          0          0          0   (incl. Generated)
        12          0          0          7          0          0   (incl. Padding)

    ----------------------------------------------------------------------

      Code (inc. data)   RO Data    RW Data    ZI Data      Debug   Library Member Name

         8          0          0          0          0         68   __main.o
        36          0          0          0          0         76   __printf_nopercent.o
         0          0          0          0          0          0   __rtentry.o
        12          0          0          0          0          0   __rtentry2.o
         6          0          0          0          0          0   __rtentry4.o
        60          8          0          0          0          0   __scatter.o
        26          0          0          0          0          0   __scatter_copy.o
        28          0          0          0          0          0   __scatter_zi.o
        48          6          0          0          0         88   _printf_char_common.o
        40          6          0          0          0         72   _printf_char_file.o
       346          0          0          0          0         92   aeabi_sdiv.o
        16          0          0          0          0         68   exit.o
         6          0          0          0          0        136   heapauxi.o
         2          0          0          0          0          0   libinit.o
         2          0          0          0          0          0   libinit2.o
         2          0          0          0          0          0   libshutdown.o
         2          0          0          0          0          0   libshutdown2.o
         8          4          0          0         96         68   libspace.o
        28          6          0          0          0         84   noretval__2printf.o
         2          0          0          0          0          0   rtexit.o
        10          0          0          0          0          0   rtexit2.o
        62          0          0          0          0         80   sys_stackheap_outer.o

    ----------------------------------------------------------------------
       756         30          0          0         96        832   Library Totals
         6          0          0          0          0          0   (incl. Padding)

    ----------------------------------------------------------------------

      Code (inc. data)   RO Data    RW Data    ZI Data      Debug   Library Name

       750         30          0          0         96        832   c_p.l

    ----------------------------------------------------------------------
       756         30          0          0         96        832   Library Totals

    ----------------------------------------------------------------------

==============================================================================


      Code (inc. data)   RO Data    RW Data    ZI Data      Debug   

      6844        398        224         72       2336     113587   Grand Totals
      6844        398        224         72       2336     113587   ELF Image Totals
      6844        398        224         72          0          0   ROM Totals

==============================================================================

    Total RO  Size (Code + RO Data)                 7068 (   6.90kB)
    Total RW  Size (RW Data + ZI Data)              2408 (   2.35kB)
    Total ROM Size (Code + RO Data + RW Data)       7140 (   6.97kB)

==============================================================================

