<html>
<body>
<pre>
<h1>µVision Build Log</h1>
<h2>Tool Versions:</h2>
IDE-Version: ¦ÌVision V5.29.0.0
Copyright (C) 2019 ARM Ltd and ARM Germany GmbH. All rights reserved.
License Information: 654321 Lan_Arm, 654321, LIC=QF82M-XM63C-12BLE-546Q3-CTL54-W83S7
 
Tool Versions:
Toolchain:       MDK-ARM Plus  Version: 5.29.0.0
Toolchain Path:  F:\Keil_v5\ARM\ARMCC\Bin
C Compiler:      Armcc.exe V5.06 update 6 (build 750)
Assembler:       Armasm.exe V5.06 update 6 (build 750)
Linker/Locator:  ArmLink.exe V5.06 update 6 (build 750)
Library Manager: ArmAr.exe V5.06 update 6 (build 750)
Hex Converter:   FromElf.exe V5.06 update 6 (build 750)
CPU DLL:         SARMCM3.DLL V5.29.0.0
Dialog DLL:      DARMCM1.DLL V1.19.2.0
Target DLL:      CMSIS_AGDI.dll V1.32.0.0
Dialog DLL:      TARMCM1.DLL V1.14.1.0
 
<h2>Project:</h2>
G:\Other_Project\Light Pong\Code\LighP_CMS32\CMS32F033Series_DemoCode_V1.03\Example\UART\UART1_Printf\keil\Porject.uvprojx
Project File Date:  03/21/2022

<h2>Output:</h2>
*** Using Compiler 'V5.06 update 6 (build 750)', folder: 'F:\Keil_v5\ARM\ARMCC\Bin'
Rebuild target 'Target 1'
assembling startup_cms_m0.s...
compiling system_cms_m0.c...
compiling system.c...
compiling uart.c...
compiling retarget.c...
compiling timer.c...
compiling main.c...
compiling demo_uart.c...
compiling isr.c...
compiling demo_timer.c...
compiling SMG.c...
compiling AD_Key.c...
compiling CXN4016.c...
compiling Game_Operation.c...
compiling TX1812_5050.c...
..\Lan_code\TX1812_5050.c(138): warning:  #177-D: variable "x"  was declared but never referenced
  	uint8_t x = 0;
..\Lan_code\TX1812_5050.c(140): warning:  #177-D: variable "rgb_dat"  was declared but never referenced
  	uint32_t rgb_dat = 0;
..\Lan_code\TX1812_5050.c: 2 warnings, 0 errors
linking...
Program Size: Code=7204 RO-data=224 RW-data=80 ZI-data=2336  
".\Objects\Porject.axf" - 0 Error(s), 2 Warning(s).

<h2>Software Packages used:</h2>

Package Vendor: Cmsemicon
                http://www.mcu.com.cn/pack/Cmsemicon.CMS32-Series.1.0.1.pack
                Cmsemicon.CMS32-Series.1.0.1
                Cmsemicon CMS32 Series Device Support

<h2>Collection of Component include folders:</h2>
  .\RTE\_Target_1
  C:\Users\Administrator\AppData\Local\Arm\Packs\Cmsemicon\CMS32-Series\1.0.1\Device\CMS32F033\Include

<h2>Collection of Component Files used:</h2>
Build Time Elapsed:  00:00:07
</pre>
</body>
</html>
